
==================================== ERRORS ====================================
____________ ERROR collecting tests/test_pipeline_contact_update.py ____________
ImportError while importing test module '/home/runner/work/test-5/test-5/tests/test_pipeline_contact_update.py'.
Hint: make sure your test modules/packages have valid Python names.
Traceback:
/opt/hostedtoolcache/Python/3.9.25/x64/lib/python3.9/importlib/__init__.py:127: in import_module
    return _bootstrap._gcd_import(name[level:], package, level)
tests/test_pipeline_contact_update.py:10: in <module>
    from backend.app.tasks import (
backend/app/tasks.py:15: in <module>
    from celery import Celery
E   ModuleNotFoundError: No module named 'celery'
=========================== short test summary info ============================
ERROR tests/test_pipeline_contact_update.py
!!!!!!!!!!!!!!!!!!!!!!!!!! stopping after 1 failures !!!!!!!!!!!!!!!!!!!!!!!!!!!
1 error in 0.09s
